// Jest Snapshot v1, https://goo.gl/fbAQLP

exports[`AppAboutModal 1`] = `
<AboutModal
  appendTo={null}
  backgroundImageSrc=""
  brandImageAlt="Logo"
  brandImageSrc="logo.svg"
  className=""
  isOpen={true}
  noAboutModalBoxContentContainer={false}
  onClose={[MockFunction]}
  productName="Searchpe"
  trademark="COPYRIGHT © 2021"
>
  <Stack
    hasGutter={true}
  >
    <StackItem>
      <TextContent
        className="pf-u-py-xl"
      >
        <h2>
          About
        </h2>
        <p>
          <a
            href="https://project-openubl.github.io/"
            rel="noopener noreferrer"
            target="_blank"
          >
            Searchpe
          </a>
           
          es un producto de Project OpenUBL que te permite consumir los datos expuestos por la SUNAT a travéz del 'padrón reducido'.
        </p>
      </TextContent>
    </StackItem>
    <StackItem>
      <TextContent>
        <h2>
          Links
        </h2>
        <List>
          <ListItem>
            <a
              href="https://project-openubl.github.io/"
              rel="noopener noreferrer"
              target="_blank"
            >
              Website
            </a>
          </ListItem>
          <ListItem>
            <a
              href="https://project-openubl.github.io/"
              rel="noopener noreferrer"
              target="_blank"
            >
              Documentation
            </a>
          </ListItem>
        </List>
      </TextContent>
    </StackItem>
  </Stack>
  <div
    className="pf-c-about-modal-box__strapline"
  >
    <Flex>
      <FlexItem>
        <a
          href="https://github.com/project-openubl/searchpe"
          rel="noopener noreferrer"
          target="_blank"
        >
          <i>
            <GithubIcon
              color="currentColor"
              noVerticalAlign={false}
              size="sm"
            />
          </i>
           
          Source
        </a>
      </FlexItem>
      <FlexItem>
        <a
          href="https://projectopenubl.zulipchat.com/"
          rel="noopener noreferrer"
          target="_blank"
        >
          <i>
            <GlobeIcon
              color="currentColor"
              noVerticalAlign={false}
              size="sm"
            />
          </i>
           
          Discussion forum
        </a>
      </FlexItem>
      <FlexItem>
        <a
          href="mailto:projectopenubl+subscribe@googlegroups.com?subject=Subscribe&body=Hello"
        >
          <i>
            <EnvelopeIcon
              color="currentColor"
              noVerticalAlign={false}
              size="sm"
            />
          </i>
           
          Mailing list
        </a>
      </FlexItem>
      <FlexItem>
        <a
          href="https://github.com/project-openubl/searchpe/issues"
          rel="noopener noreferrer"
          target="_blank"
        >
          <i>
            <InfoAltIcon
              color="currentColor"
              noVerticalAlign={false}
              size="sm"
            />
          </i>
           
          Issue tracking
        </a>
      </FlexItem>
    </Flex>
  </div>
</AboutModal>
`;
